---
source: crates/rv-gem-specification-yaml/tests/yaml_compatibility.rs
expression: spec
---
Specification {
    name: "prerelease-gem",
    version: Version {
        version: "2.0.0.alpha1",
        segments: [
            Number(
                2,
            ),
            Number(
                0,
            ),
            Number(
                0,
            ),
            String(
                "alpha1",
            ),
        ],
    },
    summary: "A prerelease gem",
    require_paths: [
        "lib",
    ],
    rubygems_version: "3.4.20",
    specification_version: 4,
    date: "",
    authors: [
        Some(
            "Alpha Developer",
        ),
    ],
    email: [],
    homepage: None,
    description: None,
    licenses: [],
    files: [
        "lib/prerelease.rb",
    ],
    executables: [],
    extensions: [],
    dependencies: [
        Dependency {
            name: "rspec",
            requirement: Requirement {
                constraints: [
                    VersionConstraint {
                        operator: Pessimistic,
                        version: Version {
                            version: "3.10",
                            segments: [
                                Number(
                                    3,
                                ),
                                Number(
                                    10,
                                ),
                            ],
                        },
                    },
                ],
            },
            dep_type: Development,
        },
        Dependency {
            name: "activesupport",
            requirement: Requirement {
                constraints: [
                    VersionConstraint {
                        operator: GreaterEqual,
                        version: Version {
                            version: "5.0",
                            segments: [
                                Number(
                                    5,
                                ),
                                Number(
                                    0,
                                ),
                            ],
                        },
                    },
                    VersionConstraint {
                        operator: Less,
                        version: Version {
                            version: "8.0",
                            segments: [
                                Number(
                                    8,
                                ),
                                Number(
                                    0,
                                ),
                            ],
                        },
                    },
                ],
            },
            dep_type: Runtime,
        },
    ],
    metadata: {},
    platform: Ruby,
    bindir: "bin",
    post_install_message: None,
    requirements: [],
    required_ruby_version: Requirement {
        constraints: [
            VersionConstraint {
                operator: GreaterEqual,
                version: Version {
                    version: "0",
                    segments: [
                        Number(
                            0,
                        ),
                    ],
                },
            },
        ],
    },
    required_rubygems_version: Requirement {
        constraints: [
            VersionConstraint {
                operator: Greater,
                version: Version {
                    version: "1.3.1",
                    segments: [
                        Number(
                            1,
                        ),
                        Number(
                            3,
                        ),
                        Number(
                            1,
                        ),
                    ],
                },
            },
        ],
    },
    test_files: [],
    extra_rdoc_files: [],
    rdoc_options: [],
    cert_chain: [],
    signing_key: None,
    autorequire: None,
    installed_by_version: None,
}
